BL51 BANKED LINKER/LOCATER V6.22                                                        09/20/2022  18:09:25  PAGE 1


BL51 BANKED LINKER/LOCATER V6.22, INVOKED BY:
D:\YING_YONG\KEIL5\C51\BIN\BL51.EXE .\Objects\STARTUP.obj, .\Objects\main.obj, .\Objects\Delay.obj, .\Objects\LED.obj, .
>> \Objects\KEY.obj, .\Objects\BBBP.obj, .\Objects\NixieTube.obj, .\Objects\Time.obj, .\Objects\usart.obj, .\Objects\Led
>> App.obj TO .\Objects\LED PRINT (.\Listings\LED.m51) RAMSIZE (256) XDATA (0X0000-0XFFFE)


MEMORY MODEL: SMALL


INPUT MODULES INCLUDED:
  .\Objects\STARTUP.obj (?C_STARTUP)
  .\Objects\main.obj (MAIN)
  .\Objects\Delay.obj (DELAY)
  .\Objects\LED.obj (LED)
  .\Objects\KEY.obj (KEY)
  .\Objects\BBBP.obj (BBBP)
  .\Objects\NixieTube.obj (NIXIETUBE)
  .\Objects\Time.obj (TIME)
  .\Objects\usart.obj (USART)
  .\Objects\LedApp.obj (LEDAPP)
  D:\YING_YONG\KEIL5\C51\LIB\C51S.LIB (?C_INIT)
  D:\YING_YONG\KEIL5\C51\LIB\C51S.LIB (?C?COPY)
  D:\YING_YONG\KEIL5\C51\LIB\C51S.LIB (?C?CSTOPTR)
  D:\YING_YONG\KEIL5\C51\LIB\C51S.LIB (?C?IMUL)
  D:\YING_YONG\KEIL5\C51\LIB\C51S.LIB (?C?SIDIV)
  D:\YING_YONG\KEIL5\C51\LIB\C51S.LIB (?C?ILDOPTR)
  D:\YING_YONG\KEIL5\C51\LIB\C51S.LIB (?C?ISTOPTR)
  D:\YING_YONG\KEIL5\C51\LIB\C51S.LIB (?C?OFFXADD)
  D:\YING_YONG\KEIL5\C51\LIB\C51S.LIB (?C?PSTPTR)
  D:\YING_YONG\KEIL5\C51\LIB\C51S.LIB (?C?PSTOPTR)
  D:\YING_YONG\KEIL5\C51\LIB\C51S.LIB (?C?ICALL)
  D:\YING_YONG\KEIL5\C51\LIB\C51S.LIB (?C_IBP)
  D:\YING_YONG\KEIL5\C51\LIB\C51S.LIB (?C?UIDIV)
  D:\YING_YONG\KEIL5\C51\LIB\C51S.LIB (?C?PSTIDATA)
  D:\YING_YONG\KEIL5\C51\LIB\C51S.LIB (?C?PSTXDATA)
  D:\YING_YONG\KEIL5\C51\LIB\C51S.LIB (?C?PSTPDATA)


LINK MAP OF MODULE:  .\Objects\LED (?C_STARTUP)


            TYPE    BASE      LENGTH    RELOCATION   SEGMENT NAME
            -----------------------------------------------------

            * * * * * * *   D A T A   M E M O R Y   * * * * * * *
            REG     0000H     0008H     ABSOLUTE     "REG BANK 0"
            DATA    0008H     0025H     UNIT         ?DT?MAIN
            DATA    002DH     0011H     UNIT         _DATA_GROUP_
            DATA    003EH     0002H     UNIT         ?DT?LED
            DATA    0040H     0001H     UNIT         ?C?LIB_DATA
            IDATA   0041H     0001H     UNIT         ?STACK

            * * * * * * *   C O D E   M E M O R Y   * * * * * * *
            CODE    0000H     0003H     ABSOLUTE     
            CODE    0003H     02EFH     UNIT         ?C?LIB_CODE
            CODE    02F2H     028EH     UNIT         ?PR?_?LEDS_FLICKER?LED
            CODE    0580H     0124H     UNIT         ?PR?MAIN?MAIN
            CODE    06A4H     0122H     UNIT         ?PR?_?LED_FLICKER?LED
BL51 BANKED LINKER/LOCATER V6.22                                                      09/20/2022  18:09:25  PAGE 2


            CODE    07C6H     010BH     UNIT         ?PR?WHITCH_KEY_DOWN?KEY
            CODE    08D1H     00A5H     UNIT         ?PR?_?DYNAMIC_DISPLAY?NIXIETUBE
            CODE    0976H     008CH     UNIT         ?C_C51STARTUP
            CODE    0A02H     007EH     UNIT         ?PR?_LED_INIT?LED
            CODE    0A80H     0050H     UNIT         ?PR?_NIXIE_TUBE_INIT?NIXIETUBE
            CODE    0AD0H     0048H     UNIT         ?PR?_LED_ON?LED
            CODE    0B18H     0048H     UNIT         ?PR?_LED_OFF?LED
            CODE    0B60H     002CH     UNIT         ?PR?_SHOW_NUMBER?NIXIETUBE
            CODE    0B8CH     0028H     UNIT         ?PR?_KEY_INIT?KEY
            CODE    0BB4H     0017H     UNIT         ?PR?_DELAYX10US?DELAY
            CODE    0BCBH     0017H     UNIT         ?CO?NIXIETUBE
            CODE    0BE2H     0014H     UNIT         ?PR?_DELAYMS?DELAY
            CODE    0BF6H     0011H     UNIT         ?PR?LED_ALL_OFF?LED
            CODE    0C07H     000DH     UNIT         ?PR?DELAY1MS?DELAY
            CODE    0C14H     0009H     UNIT         ?PR?DELAY10US?DELAY
            CODE    0C1DH     0006H     UNIT         ?CO?MAIN
            CODE    0C23H     0005H     UNIT         ?C_INITSEG



OVERLAY MAP OF MODULE:   .\Objects\LED (?C_STARTUP)


SEGMENT                                   DATA_GROUP 
  +--> CALLED SEGMENT                   START    LENGTH
-------------------------------------------------------
?C_C51STARTUP                           -----    -----
  +--> ?PR?MAIN?MAIN
  +--> ?C_INITSEG

?PR?MAIN?MAIN                           002DH    000AH
  +--> ?CO?MAIN
  +--> ?PR?_LED_INIT?LED
  +--> ?PR?_KEY_INIT?KEY
  +--> ?PR?_NIXIE_TUBE_INIT?NIXIETUBE

?PR?_LED_INIT?LED                       0037H    0003H
  +--> ?PR?_LED_ON?LED
  +--> ?PR?_LED_OFF?LED
  +--> ?PR?_?LED_FLICKER?LED
  +--> ?PR?_?LEDS_FLICKER?LED
  +--> ?PR?LED_ALL_OFF?LED

?PR?_?LED_FLICKER?LED                   -----    -----
  +--> ?PR?_DELAYMS?DELAY

?PR?_DELAYMS?DELAY                      -----    -----
  +--> ?PR?DELAY1MS?DELAY

?PR?_?LEDS_FLICKER?LED                  -----    -----
  +--> ?PR?_DELAYMS?DELAY

?PR?_KEY_INIT?KEY                       0037H    0003H
  +--> ?PR?WHITCH_KEY_DOWN?KEY

?PR?WHITCH_KEY_DOWN?KEY                 003AH    0004H
  +--> ?PR?_DELAYMS?DELAY
BL51 BANKED LINKER/LOCATER V6.22                                                      09/20/2022  18:09:25  PAGE 3



?PR?_NIXIE_TUBE_INIT?NIXIETUBE          0037H    0003H
  +--> ?PR?_SHOW_NUMBER?NIXIETUBE
  +--> ?PR?_?DYNAMIC_DISPLAY?NIXIETUBE

?PR?_SHOW_NUMBER?NIXIETUBE              -----    -----
  +--> ?CO?NIXIETUBE

?PR?_?DYNAMIC_DISPLAY?NIXIETUBE         -----    -----
  +--> ?PR?_SHOW_NUMBER?NIXIETUBE
  +--> ?PR?_DELAYX10US?DELAY

?PR?_DELAYX10US?DELAY                   003AH    0002H
  +--> ?PR?DELAY10US?DELAY



SYMBOL TABLE OF MODULE:  .\Objects\LED (?C_STARTUP)

  VALUE           TYPE          NAME
  ----------------------------------

  -------         MODULE        ?C_STARTUP
  C:0976H         SEGMENT       ?C_C51STARTUP
  I:0041H         SEGMENT       ?STACK
  C:0000H         PUBLIC        ?C_STARTUP
  D:00E0H         SYMBOL        ACC
  D:00F0H         SYMBOL        B
  D:0083H         SYMBOL        DPH
  D:0082H         SYMBOL        DPL
  N:0000H         SYMBOL        IBPSTACK
  N:0100H         SYMBOL        IBPSTACKTOP
  N:0080H         SYMBOL        IDATALEN
  C:0979H         SYMBOL        IDATALOOP
  N:0000H         SYMBOL        PBPSTACK
  N:0100H         SYMBOL        PBPSTACKTOP
  N:0000H         SYMBOL        PDATALEN
  N:0000H         SYMBOL        PDATASTART
  N:0000H         SYMBOL        PPAGE
  N:0000H         SYMBOL        PPAGEENABLE
  D:00A0H         SYMBOL        PPAGE_SFR
  D:0081H         SYMBOL        SP
  C:0976H         SYMBOL        STARTUP1
  N:0000H         SYMBOL        XBPSTACK
  N:0000H         SYMBOL        XBPSTACKTOP
  N:0000H         SYMBOL        XDATALEN
  N:0000H         SYMBOL        XDATASTART
  C:0000H         LINE#         126
  C:0976H         LINE#         133
  C:0978H         LINE#         134
  C:0979H         LINE#         135
  C:097AH         LINE#         136
  C:097CH         LINE#         185
  C:097FH         LINE#         196
  -------         ENDMOD        ?C_STARTUP

  -------         MODULE        MAIN
BL51 BANKED LINKER/LOCATER V6.22                                                      09/20/2022  18:09:25  PAGE 4


  C:0000H         SYMBOL        _ICE_DUMMY_
  D:0090H         PUBLIC        P1
  D:00A0H         PUBLIC        P2
  D:00B0H         PUBLIC        P3
  D:00A8H         PUBLIC        IE
  D:00B8H         PUBLIC        IP
  C:0580H         PUBLIC        main
  D:0098H         PUBLIC        SCON
  D:0088H         PUBLIC        TCON
  C:0C1DH         SYMBOL        _?ix1000
  D:0008H         PUBLIC        c51_nixie_tube
  D:001AH         PUBLIC        c51_led
  D:00C8H         PUBLIC        T2CON
  D:0029H         PUBLIC        c51_key
  D:00D0H         PUBLIC        PSW
  -------         PROC          MAIN
  -------         DO            
  D:002DH         SYMBOL        i
  D:002FH         SYMBOL        arr
  D:0035H         SYMBOL        key_val
  -------         ENDDO         
  C:0580H         LINE#         22
  C:0580H         LINE#         23
  C:0580H         LINE#         25
  C:0586H         LINE#         26
  C:0599H         LINE#         27
  C:059EH         LINE#         30
  C:05A6H         LINE#         33
  C:05AFH         LINE#         39
  C:05B8H         LINE#         59
  C:05BFH         LINE#         61
  C:05BFH         LINE#         62
  C:05BFH         LINE#         65
  C:05C8H         LINE#         67
  C:05CCH         LINE#         68
  C:05CCH         LINE#         69
  C:05D4H         LINE#         70
  C:05DFH         LINE#         71
  C:05DFH         LINE#         72
  C:05E5H         LINE#         73
  C:05F2H         LINE#         74
  C:05F2H         LINE#         75
  C:05F8H         LINE#         76
  C:05F8H         LINE#         78
  C:0605H         LINE#         79
  C:0618H         LINE#         80
  C:061EH         LINE#         81
  C:061EH         LINE#         82
  C:0622H         LINE#         83
  C:0626H         LINE#         84
  C:062AH         LINE#         85
  C:062CH         LINE#         87
  C:062CH         LINE#         88
  C:0652H         LINE#         89
  C:0668H         LINE#         90
  C:068AH         LINE#         91
  C:068AH         LINE#         92
BL51 BANKED LINKER/LOCATER V6.22                                                      09/20/2022  18:09:25  PAGE 5


  C:06A1H         LINE#         94
  -------         ENDPROC       MAIN
  -------         ENDMOD        MAIN

  -------         MODULE        DELAY
  C:0000H         SYMBOL        _ICE_DUMMY_
  D:0090H         PUBLIC        P1
  D:00A0H         PUBLIC        P2
  D:00B0H         PUBLIC        P3
  D:00A8H         PUBLIC        IE
  D:00B8H         PUBLIC        IP
  C:0C07H         PUBLIC        delay1ms
  D:0098H         PUBLIC        SCON
  D:0088H         PUBLIC        TCON
  C:0BB4H         PUBLIC        _delayx10us
  C:0C14H         PUBLIC        delay10us
  D:00C8H         PUBLIC        T2CON
  C:0BE2H         PUBLIC        _delayms
  D:00D0H         PUBLIC        PSW
  -------         PROC          DELAY1MS
  -------         DO            
  D:0005H         SYMBOL        a
  D:0006H         SYMBOL        b
  D:0007H         SYMBOL        c
  -------         ENDDO         
  C:0C07H         LINE#         2
  C:0C07H         LINE#         3
  C:0C07H         LINE#         5
  C:0C09H         LINE#         6
  C:0C0BH         LINE#         7
  C:0C13H         LINE#         8
  -------         ENDPROC       DELAY1MS
  -------         PROC          _DELAYX10US
  D:003AH         SYMBOL        number
  C:0BB4H         LINE#         9
  C:0BB8H         LINE#         10
  C:0BB8H         LINE#         11
  C:0BC5H         LINE#         12
  C:0BC5H         LINE#         13
  C:0BC8H         LINE#         14
  C:0BCAH         LINE#         15
  -------         ENDPROC       _DELAYX10US
  -------         PROC          _DELAYMS
  D:0002H         SYMBOL        number
  C:0BE2H         LINE#         16
  C:0BE6H         LINE#         17
  C:0BE6H         LINE#         18
  C:0BF0H         LINE#         19
  C:0BF0H         LINE#         20
  C:0BF3H         LINE#         21
  C:0BF5H         LINE#         22
  -------         ENDPROC       _DELAYMS
  -------         PROC          DELAY10US
  -------         DO            
  D:0006H         SYMBOL        a
  D:0007H         SYMBOL        b
  -------         ENDDO         
BL51 BANKED LINKER/LOCATER V6.22                                                      09/20/2022  18:09:25  PAGE 6


  C:0C14H         LINE#         24
  C:0C14H         LINE#         25
  C:0C14H         LINE#         27
  C:0C16H         LINE#         28
  C:0C1CH         LINE#         29
  -------         ENDPROC       DELAY10US
  -------         ENDMOD        DELAY

  -------         MODULE        LED
  C:0000H         SYMBOL        _ICE_DUMMY_
  D:0090H         PUBLIC        P1
  D:00A0H         PUBLIC        P2
  D:00B0H         PUBLIC        P3
  D:00A8H         PUBLIC        IE
  D:00B8H         PUBLIC        IP
  D:0098H         PUBLIC        SCON
  D:0088H         PUBLIC        TCON
  C:0A02H         PUBLIC        _led_init
  B:0090H.0       PUBLIC        GPIO_1_0
  B:0090H.1       PUBLIC        GPIO_1_1
  C:0B18H         SYMBOL        _led_off
  B:0090H.2       PUBLIC        GPIO_1_2
  B:0090H.3       PUBLIC        GPIO_1_3
  B:0090H.4       PUBLIC        GPIO_1_4
  B:0090H.5       PUBLIC        GPIO_1_5
  B:0090H.6       PUBLIC        GPIO_1_6
  B:0090H.7       PUBLIC        GPIO_1_7
  D:00C8H         PUBLIC        T2CON
  C:0BF6H         SYMBOL        led_all_off
  C:02F2H         SYMBOL        _?leds_flicker
  C:0AD0H         SYMBOL        _led_on
  D:00D0H         PUBLIC        PSW
  C:06A4H         SYMBOL        _?led_flicker
  -------         PROC          _LED_INIT
  D:0037H         SYMBOL        led_object
  C:0A02H         LINE#         14
  C:0A08H         LINE#         15
  C:0A08H         LINE#         16
  C:0A1DH         LINE#         17
  C:0A35H         LINE#         18
  C:0A4DH         LINE#         19
  C:0A65H         LINE#         20
  C:0A7DH         LINE#         21
  -------         ENDPROC       _LED_INIT
  -------         PROC          _LED_ON
  D:0006H         SYMBOL        number
  C:0AD0H         LINE#         29
  C:0AD0H         LINE#         30
  C:0AD0H         LINE#         31
  C:0B00H         LINE#         32
  C:0B00H         LINE#         33
  C:0B03H         LINE#         34
  C:0B06H         LINE#         35
  C:0B09H         LINE#         36
  C:0B0CH         LINE#         37
  C:0B0FH         LINE#         38
  C:0B12H         LINE#         39
BL51 BANKED LINKER/LOCATER V6.22                                                      09/20/2022  18:09:25  PAGE 7


  C:0B15H         LINE#         40
  C:0B17H         LINE#         41
  C:0B17H         LINE#         42
  -------         ENDPROC       _LED_ON
  -------         PROC          _LED_OFF
  D:0006H         SYMBOL        number
  C:0B18H         LINE#         48
  C:0B18H         LINE#         49
  C:0B18H         LINE#         50
  C:0B48H         LINE#         51
  C:0B48H         LINE#         52
  C:0B4BH         LINE#         53
  C:0B4EH         LINE#         54
  C:0B51H         LINE#         55
  C:0B54H         LINE#         56
  C:0B57H         LINE#         57
  C:0B5AH         LINE#         58
  C:0B5DH         LINE#         59
  C:0B5FH         LINE#         60
  C:0B5FH         LINE#         62
  -------         ENDPROC       _LED_OFF
  -------         PROC          _?LED_FLICKER
  i:0000H         SYMBOL        number
  i:0002H         SYMBOL        interval_time
  i:0004H         SYMBOL        time
  -------         DO            
  D:003EH         SYMBOL        add
  -------         ENDDO         
  C:06A4H         LINE#         72
  C:06C5H         LINE#         75
  C:06C5H         LINE#         76
  C:06C5H         LINE#         78
  C:06FCH         LINE#         79
  C:06FCH         LINE#         80
  C:0700H         LINE#         81
  C:0704H         LINE#         82
  C:0708H         LINE#         83
  C:070CH         LINE#         84
  C:0710H         LINE#         85
  C:0714H         LINE#         86
  C:0718H         LINE#         87
  C:071AH         LINE#         88
  C:071AH         LINE#         90
  C:0726H         LINE#         92
  C:075DH         LINE#         93
  C:075DH         LINE#         94
  C:0761H         LINE#         95
  C:0765H         LINE#         96
  C:0769H         LINE#         97
  C:076DH         LINE#         98
  C:0771H         LINE#         99
  C:0775H         LINE#         100
  C:0779H         LINE#         101
  C:077BH         LINE#         102
  C:077BH         LINE#         104
  C:0787H         LINE#         105
  C:078FH         LINE#         106
BL51 BANKED LINKER/LOCATER V6.22                                                      09/20/2022  18:09:25  PAGE 8


  C:07BFH         LINE#         107
  C:07BFH         LINE#         108
  C:07BFH         LINE#         109
  C:07BFH         LINE#         114
  -------         ENDPROC       _?LED_FLICKER
  -------         PROC          _?LEDS_FLICKER
  i:0014H         SYMBOL        arr
  i:0017H         SYMBOL        interval_time
  i:0019H         SYMBOL        time
  -------         DO            
  i:0000H         SYMBOL        i
  i:0002H         SYMBOL        add
  i:0004H         SYMBOL        led1
  i:0006H         SYMBOL        led2
  i:0008H         SYMBOL        led3
  i:000AH         SYMBOL        led4
  i:000CH         SYMBOL        led5
  i:000EH         SYMBOL        led6
  i:0010H         SYMBOL        led7
  i:0012H         SYMBOL        led8
  -------         ENDDO         
  C:02F2H         LINE#         123
  C:0313H         LINE#         125
  C:0318H         LINE#         126
  C:031FH         LINE#         127
  C:0328H         LINE#         128
  C:0331H         LINE#         129
  C:033AH         LINE#         130
  C:0343H         LINE#         131
  C:034CH         LINE#         132
  C:0355H         LINE#         133
  C:035EH         LINE#         134
  C:0367H         LINE#         136
  C:0380H         LINE#         137
  C:0380H         LINE#         138
  C:03D3H         LINE#         139
  C:03D3H         LINE#         140
  C:03E1H         LINE#         141
  C:03EFH         LINE#         142
  C:03FDH         LINE#         143
  C:040BH         LINE#         144
  C:0419H         LINE#         145
  C:0427H         LINE#         146
  C:0435H         LINE#         147
  C:0441H         LINE#         149
  C:0441H         LINE#         150
  C:044DH         LINE#         151
  C:044DH         LINE#         152
  C:044DH         LINE#         153
  C:0458H         LINE#         154
  C:0458H         LINE#         155
  C:045AH         LINE#         156
  C:045AH         LINE#         157
  C:0465H         LINE#         158
  C:0465H         LINE#         159
  C:0467H         LINE#         160
  C:0467H         LINE#         161
BL51 BANKED LINKER/LOCATER V6.22                                                      09/20/2022  18:09:25  PAGE 9


  C:0472H         LINE#         162
  C:0472H         LINE#         163
  C:0474H         LINE#         164
  C:0474H         LINE#         165
  C:047FH         LINE#         166
  C:047FH         LINE#         167
  C:0481H         LINE#         168
  C:0481H         LINE#         169
  C:048CH         LINE#         170
  C:048CH         LINE#         171
  C:048EH         LINE#         172
  C:048EH         LINE#         173
  C:0499H         LINE#         174
  C:0499H         LINE#         175
  C:049BH         LINE#         176
  C:049BH         LINE#         177
  C:04A6H         LINE#         178
  C:04A6H         LINE#         179
  C:04A8H         LINE#         180
  C:04A8H         LINE#         181
  C:04B3H         LINE#         182
  C:04B3H         LINE#         183
  C:04B5H         LINE#         184
  C:04B5H         LINE#         185
  C:04C2H         LINE#         186
  C:04CDH         LINE#         187
  C:04CDH         LINE#         188
  C:04CFH         LINE#         189
  C:04CFH         LINE#         190
  C:04DAH         LINE#         191
  C:04DAH         LINE#         192
  C:04DCH         LINE#         193
  C:04DCH         LINE#         194
  C:04E7H         LINE#         195
  C:04E7H         LINE#         196
  C:04E9H         LINE#         197
  C:04E9H         LINE#         198
  C:04F4H         LINE#         199
  C:04F4H         LINE#         200
  C:04F6H         LINE#         201
  C:04F6H         LINE#         202
  C:0501H         LINE#         203
  C:0501H         LINE#         204
  C:0503H         LINE#         205
  C:0503H         LINE#         206
  C:050EH         LINE#         207
  C:050EH         LINE#         208
  C:0510H         LINE#         209
  C:0510H         LINE#         210
  C:051BH         LINE#         211
  C:051BH         LINE#         212
  C:051DH         LINE#         213
  C:051DH         LINE#         214
  C:0528H         LINE#         215
  C:0528H         LINE#         216
  C:052AH         LINE#         217
  C:052AH         LINE#         218
BL51 BANKED LINKER/LOCATER V6.22                                                      09/20/2022  18:09:25  PAGE 10


  C:0537H         LINE#         219
  C:0542H         LINE#         220
  C:0579H         LINE#         221
  C:0579H         LINE#         222
  C:0579H         LINE#         223
  C:0579H         LINE#         226
  -------         ENDPROC       _?LEDS_FLICKER
  -------         PROC          LED_ALL_OFF
  C:0BF6H         LINE#         232
  C:0BF6H         LINE#         233
  C:0BF6H         LINE#         234
  C:0BF8H         LINE#         235
  C:0BFAH         LINE#         236
  C:0BFCH         LINE#         237
  C:0BFEH         LINE#         238
  C:0C00H         LINE#         239
  C:0C02H         LINE#         240
  C:0C04H         LINE#         241
  C:0C06H         LINE#         242
  -------         ENDPROC       LED_ALL_OFF
  -------         ENDMOD        LED

  -------         MODULE        KEY
  C:0000H         SYMBOL        _ICE_DUMMY_
  D:0090H         PUBLIC        P1
  D:00A0H         PUBLIC        P2
  D:00B0H         PUBLIC        P3
  D:00A8H         PUBLIC        IE
  D:00B8H         PUBLIC        IP
  B:00B0H.4       PUBLIC        GPIO_KEY2
  B:00B0H.5       PUBLIC        GPIO_KEY3
  B:00B0H.6       PUBLIC        GPIO_KEY4
  B:00B0H.7       PUBLIC        GPIO_KEY5
  D:0098H         PUBLIC        SCON
  D:0088H         PUBLIC        TCON
  C:07C6H         SYMBOL        whitch_key_down
  C:0B8CH         PUBLIC        _key_init
  D:00C8H         PUBLIC        T2CON
  D:00D0H         PUBLIC        PSW
  -------         PROC          _KEY_INIT
  D:0037H         SYMBOL        key_object
  C:0B8CH         LINE#         9
  C:0B92H         LINE#         10
  C:0B92H         LINE#         11
  C:0BA7H         LINE#         12
  -------         ENDPROC       _KEY_INIT
  -------         PROC          WHITCH_KEY_DOWN
  -------         DO            
  D:003AH         SYMBOL        KeyValue
  D:003CH         SYMBOL        a
  -------         ENDDO         
  C:07C6H         LINE#         20
  C:07C6H         LINE#         21
  C:07C6H         LINE#         22
  C:07CBH         LINE#         23
  C:07CFH         LINE#         24
  C:07D2H         LINE#         26
BL51 BANKED LINKER/LOCATER V6.22                                                      09/20/2022  18:09:25  PAGE 11


  C:07D5H         LINE#         27
  C:07D5H         LINE#         28
  C:07DBH         LINE#         29
  C:07DEH         LINE#         30
  C:07DEH         LINE#         31
  C:07E1H         LINE#         32
  C:07E6H         LINE#         33
  C:07E6H         LINE#         34
  C:07E6H         LINE#         35
  C:07E9H         LINE#         36
  C:07E9H         LINE#         37
  C:07F0H         LINE#         38
  C:07F3H         LINE#         39
  C:07F3H         LINE#         41
  C:07F6H         LINE#         42
  C:07FBH         LINE#         43
  C:07FBH         LINE#         44
  C:07FBH         LINE#         45
  C:07FEH         LINE#         46
  C:07FEH         LINE#         47
  C:0805H         LINE#         48
  C:0808H         LINE#         49
  C:0808H         LINE#         50
  C:080BH         LINE#         51
  C:0810H         LINE#         52
  C:0810H         LINE#         53
  C:0810H         LINE#         54
  C:0813H         LINE#         55
  C:0813H         LINE#         56
  C:081AH         LINE#         57
  C:081DH         LINE#         58
  C:081DH         LINE#         59
  C:0820H         LINE#         60
  C:0825H         LINE#         61
  C:0825H         LINE#         62
  C:0825H         LINE#         64
  C:0828H         LINE#         65
  C:0831H         LINE#         66
  C:0831H         LINE#         67
  C:0838H         LINE#         68
  C:083EH         LINE#         69
  C:083EH         LINE#         71
  C:0841H         LINE#         72
  C:0853H         LINE#         73
  C:0853H         LINE#         74
  C:085BH         LINE#         75
  C:0863H         LINE#         76
  C:086BH         LINE#         77
  C:0871H         LINE#         78
  C:0871H         LINE#         80
  C:0874H         LINE#         81
  C:0887H         LINE#         82
  C:0887H         LINE#         83
  C:088FH         LINE#         84
  C:0899H         LINE#         85
  C:089DH         LINE#         86
  C:08A8H         LINE#         87
BL51 BANKED LINKER/LOCATER V6.22                                                      09/20/2022  18:09:25  PAGE 12


  C:08A8H         LINE#         89
  C:08A8H         LINE#         90
  C:08BBH         LINE#         91
  C:08BBH         LINE#         92
  C:08C2H         LINE#         93
  C:08CAH         LINE#         94
  C:08CCH         LINE#         95
  C:08CCH         LINE#         131
  C:08D0H         LINE#         132
  -------         ENDPROC       WHITCH_KEY_DOWN
  -------         ENDMOD        KEY

  -------         MODULE        BBBP
  C:0000H         SYMBOL        _ICE_DUMMY_
  D:0090H         PUBLIC        P1
  D:00A0H         PUBLIC        P2
  D:00B0H         PUBLIC        P3
  D:00A8H         PUBLIC        IE
  D:00B8H         PUBLIC        IP
  D:0098H         PUBLIC        SCON
  D:0088H         PUBLIC        TCON
  D:00C8H         PUBLIC        T2CON
  D:00D0H         PUBLIC        PSW
  -------         ENDMOD        BBBP

  -------         MODULE        NIXIETUBE
  C:0000H         SYMBOL        _ICE_DUMMY_
  D:0080H         PUBLIC        P0
  D:0090H         PUBLIC        P1
  D:00A0H         PUBLIC        P2
  D:00B0H         PUBLIC        P3
  C:0BDBH         PUBLIC        location_arr
  B:00A0H.6       PUBLIC        U1
  B:00A0H.7       PUBLIC        U2
  C:0BCBH         PUBLIC        table
  D:00A8H         PUBLIC        IE
  D:00B8H         PUBLIC        IP
  C:0B60H         SYMBOL        _show_number
  D:0098H         PUBLIC        SCON
  D:0088H         PUBLIC        TCON
  C:08D1H         SYMBOL        _?dynamic_display
  C:0A80H         PUBLIC        _nixie_tube_init
  D:00C8H         PUBLIC        T2CON
  D:00D0H         PUBLIC        PSW
  -------         PROC          _NIXIE_TUBE_INIT
  D:0037H         SYMBOL        object
  -------         DO            
  D:0007H         SYMBOL        i
  -------         ENDDO         
  C:0A80H         LINE#         15
  C:0A86H         LINE#         16
  C:0A86H         LINE#         17
  C:0A86H         LINE#         18
  C:0A88H         LINE#         19
  C:0A88H         LINE#         20
  C:0A9EH         LINE#         21
  C:0AA2H         LINE#         22
BL51 BANKED LINKER/LOCATER V6.22                                                      09/20/2022  18:09:25  PAGE 13


  C:0AB7H         LINE#         23
  C:0ACFH         LINE#         25
  -------         ENDPROC       _NIXIE_TUBE_INIT
  -------         PROC          _SHOW_NUMBER
  D:0006H         SYMBOL        location
  D:0004H         SYMBOL        number
  C:0B60H         LINE#         32
  C:0B60H         LINE#         33
  C:0B60H         LINE#         35
  C:0B62H         LINE#         36
  C:0B70H         LINE#         37
  C:0B72H         LINE#         38
  C:0B79H         LINE#         40
  C:0B7BH         LINE#         41
  C:0B89H         LINE#         42
  C:0B8BH         LINE#         67
  -------         ENDPROC       _SHOW_NUMBER
  -------         PROC          _?DYNAMIC_DISPLAY
  i:0002H         SYMBOL        begin_location
  i:0004H         SYMBOL        over_location
  i:0006H         SYMBOL        arr
  -------         DO            
  i:0000H         SYMBOL        i
  -------         ENDDO         
  C:08D1H         LINE#         76
  C:08FBH         LINE#         78
  C:0902H         LINE#         79
  C:092CH         LINE#         80
  C:092CH         LINE#         81
  C:095DH         LINE#         82
  C:0964H         LINE#         83
  C:096FH         LINE#         86
  -------         ENDPROC       _?DYNAMIC_DISPLAY
  -------         ENDMOD        NIXIETUBE

  -------         MODULE        TIME
  C:0000H         SYMBOL        _ICE_DUMMY_
  D:0090H         PUBLIC        P1
  D:00A0H         PUBLIC        P2
  D:00B0H         PUBLIC        P3
  D:00A8H         PUBLIC        IE
  D:00B8H         PUBLIC        IP
  D:0098H         PUBLIC        SCON
  D:0088H         PUBLIC        TCON
  D:00C8H         PUBLIC        T2CON
  D:00D0H         PUBLIC        PSW
  -------         ENDMOD        TIME

  -------         MODULE        USART
  C:0000H         SYMBOL        _ICE_DUMMY_
  D:0090H         PUBLIC        P1
  D:00A0H         PUBLIC        P2
  D:00B0H         PUBLIC        P3
  D:00A8H         PUBLIC        IE
  D:00B8H         PUBLIC        IP
  D:0098H         PUBLIC        SCON
  D:0088H         PUBLIC        TCON
BL51 BANKED LINKER/LOCATER V6.22                                                      09/20/2022  18:09:25  PAGE 14


  D:00C8H         PUBLIC        T2CON
  D:00D0H         PUBLIC        PSW
  -------         ENDMOD        USART

  -------         MODULE        LEDAPP
  C:0000H         SYMBOL        _ICE_DUMMY_
  -------         ENDMOD        LEDAPP

  -------         MODULE        ?C?COPY
  C:00D3H         PUBLIC        ?C?COPY
  -------         ENDMOD        ?C?COPY

  -------         MODULE        ?C?CSTOPTR
  C:00F9H         PUBLIC        ?C?CSTOPTR
  -------         ENDMOD        ?C?CSTOPTR

  -------         MODULE        ?C?IMUL
  C:011BH         PUBLIC        ?C?IMUL
  -------         ENDMOD        ?C?IMUL

  -------         MODULE        ?C?SIDIV
  C:012DH         PUBLIC        ?C?SIDIV
  -------         ENDMOD        ?C?SIDIV

  -------         MODULE        ?C?ILDOPTR
  C:0163H         PUBLIC        ?C?ILDOPTR
  -------         ENDMOD        ?C?ILDOPTR

  -------         MODULE        ?C?ISTOPTR
  C:019BH         PUBLIC        ?C?ISTOPTR
  -------         ENDMOD        ?C?ISTOPTR

  -------         MODULE        ?C?OFFXADD
  C:01C8H         PUBLIC        ?C?OFFXADD
  -------         ENDMOD        ?C?OFFXADD

  -------         MODULE        ?C?PSTPTR
  C:01D4H         PUBLIC        ?C?PSTPTR
  -------         ENDMOD        ?C?PSTPTR

  -------         MODULE        ?C?PSTOPTR
  C:0223H         PUBLIC        ?C?PSTOPTR
  -------         ENDMOD        ?C?PSTOPTR

  -------         MODULE        ?C?ICALL
  C:027CH         PUBLIC        ?C?ICALL
  C:0280H         PUBLIC        ?C?ICALL2
  -------         ENDMOD        ?C?ICALL

  -------         MODULE        ?C_IBP
  D:0040H         PUBLIC        ?C_IBP
  -------         ENDMOD        ?C_IBP

  -------         MODULE        ?C?UIDIV
  C:0282H         PUBLIC        ?C?UIDIV
  -------         ENDMOD        ?C?UIDIV

BL51 BANKED LINKER/LOCATER V6.22                                                      09/20/2022  18:09:25  PAGE 15


  -------         MODULE        ?C?PSTIDATA
  C:02D7H         PUBLIC        ?C?PSTIDATA
  -------         ENDMOD        ?C?PSTIDATA

  -------         MODULE        ?C?PSTXDATA
  C:02E0H         PUBLIC        ?C?PSTXDATA
  -------         ENDMOD        ?C?PSTXDATA

  -------         MODULE        ?C?PSTPDATA
  C:02E9H         PUBLIC        ?C?PSTPDATA
  -------         ENDMOD        ?C?PSTPDATA

Program Size: data=66.0 xdata=0 code=3112
LINK/LOCATE RUN COMPLETE.  0 WARNING(S),  0 ERROR(S)
