C51 COMPILER V9.54   DELAY                                                                 09/22/2022 17:36:53 PAGE 1   


C51 COMPILER V9.54, COMPILATION OF MODULE DELAY
OBJECT MODULE PLACED IN .\Objects\Delay.obj
COMPILER INVOKED BY: D:\ying_yong\keil5\C51\BIN\C51.EXE ..\CODE\Delay.c COMPACT OPTIMIZE(8,SPEED) BROWSE INCDIR(..\INC) 
                    -DEBUG OBJECTEXTEND PRINT(.\Listings\Delay.lst) TABS(2) OBJECT(.\Objects\Delay.obj)

line level    source

   1          #include "Delay.h"
   2          void delay1ms(void)   //Îó²î 0us
   3          {
   4   1          unsigned char a,b,c;
   5   1          for(c=1;c>0;c--)
   6   1              for(b=142;b>0;b--)
   7   1                  for(a=2;a>0;a--);
   8   1      }
   9          void delayms(uint16 number)
  10          {
  11   1        while(number--)
  12   1        {
  13   2          delay1ms();
  14   2        }
  15   1      }
  16          void delay(uint16 number)
  17          {
  18   1        uint16 x,y;
  19   1        for(x=number;x>0;x--)
  20   1          for(y=110;y>0;y--);
  21   1      }


MODULE INFORMATION:   STATIC OVERLAYABLE
   CODE SIZE        =     63    ----
   CONSTANT SIZE    =   ----    ----
   XDATA SIZE       =   ----    ----
   PDATA SIZE       =   ----    ----
   DATA SIZE        =   ----    ----
   IDATA SIZE       =   ----    ----
   BIT SIZE         =   ----    ----
END OF MODULE INFORMATION.


C51 COMPILATION COMPLETE.  0 WARNING(S),  0 ERROR(S)
