C51 COMPILER V9.54   LEDAPP                                                                09/14/2022 16:55:26 PAGE 1   


C51 COMPILER V9.54, COMPILATION OF MODULE LEDAPP
OBJECT MODULE PLACED IN .\Objects\LedApp.obj
COMPILER INVOKED BY: D:\ying_yong\keil5\C51\BIN\C51.EXE ..\APP\LedApp.c COMPACT OPTIMIZE(8,SPEED) BROWSE INCDIR(..\INC) 
                    -DEBUG OBJECTEXTEND PRINT(.\Listings\LedApp.lst) TABS(2) OBJECT(.\Objects\LedApp.obj)

line level    source

   1          //#include "STC51.h"
   2          //void led_test(void)
   3          //{
   4          //    int i;
   5          //    int led_control_arr1[8]={OFF,LED2,OFF,LED4,OFF,LED6,OFF,LED8};
   6          //    int led_control_arr2[8]={LED1,OFF,LED3,OFF,LED5,OFF,LED7,OFF};
   7          //    int *led_control_arr[2]={led_control_arr1,led_control_arr2};
   8          //    create_led c51_led;
   9          //    led_init(&c51_led);
  10          //    c51_led.led_all_off();
  11          //    for(i=1;i<=8;i++)
  12          //    {
  13          //        c51_led.led_on(i);
  14          //        delayms(500);
  15          //    }
  16          //    for(i=8;i>=1;i--)
  17          //    {
  18          //        c51_led.led_off(i);
  19          //        delayms(500);
  20          //    }
  21          //    c51_led.led_all_off();
  22          //    delayms(1500);
  23          //    for(i=1;i<=8;i++)
  24          //    {
  25          //        c51_led.led_flicker(i,100,200);
  26          //        delayms(200);
  27          //    }
  28          //    c51_led.led_all_off();
  29          //      delayms(1500);
  30          //    for(i=1;i>=0;i--)
  31          //    {
  32          //      c51_led.leds_flicker(led_control_arr[i],100,2000);
  33          //    }
  34          //  } 


MODULE INFORMATION:   STATIC OVERLAYABLE
   CODE SIZE        =   ----    ----
   CONSTANT SIZE    =   ----    ----
   XDATA SIZE       =   ----    ----
   PDATA SIZE       =   ----    ----
   DATA SIZE        =   ----    ----
   IDATA SIZE       =   ----    ----
   BIT SIZE         =   ----    ----
END OF MODULE INFORMATION.


C51 COMPILATION COMPLETE.  0 WARNING(S),  0 ERROR(S)
