C51 COMPILER V9.54   MAIN                                                                  09/23/2022 20:27:41 PAGE 1   


C51 COMPILER V9.54, COMPILATION OF MODULE MAIN
OBJECT MODULE PLACED IN .\Objects\main.obj
COMPILER INVOKED BY: D:\ying_yong\keil5\C51\BIN\C51.EXE ..\SRC\main.c COMPACT OPTIMIZE(8,SPEED) BROWSE INCDIR(..\INC) DE
                    -BUG OBJECTEXTEND PRINT(.\Listings\main.lst) TABS(2) OBJECT(.\Objects\main.obj)

line level    source

   1          #include "STC51.h"
   2          #if TIME_
              create_time c51_time;
              #endif
   5          #if KEY_
              create_key c51_key; 
              #endif
   8          #if LED_
   9          create_led c51_led;
  10          #endif
  11          #if BEEP_
              create_beep c51_beep;
              #endif
  14          #if SMG_
              create_nixie_tube c51_nixie_tube;
              
              #endif
  18          #if USART
              create_usart c51_usart;
              #endif
  21          
  22          main()
  23          {
  24   1        
  25   1          int i=0,j=0;
  26   1          
  27   1          #if LED_
  28   1          int arr[8]={LED1,OFF,LED3,OFF,0,0,0,0};
  29   1          led_init(&c51_led);
  30   1          #endif
  31   1          #if KEY_
                  key_init(&c51_key);
                  #endif
  34   1          #if BEEP_
                  beep_init(&c51_beep);
                  #endif
  37   1          #if SMG_
                  nixie_tube_init(&c51_nixie_tube); 
                  #endif
  40   1      #if TIME_ 
                  //打开定时器0   
                  c51_time.time0=TIME0ON;
                   //10ms一个中断
                  c51_time.time0_ms=50;
                  //关闭定时器1
                  c51_time.time1=TIME1OFF;
                  c51_time.time1_ms=50;
                
                  c51_time.time_type=0;
                  time_init(&c51_time);
              #endif
  52   1        
  53   1      #if USART
                  //设置波特率为9600
C51 COMPILER V9.54   MAIN                                                                  09/23/2022 20:27:41 PAGE 2   

                  c51_usart.baud_rate=9600;
                  usart_init(&c51_usart);
              #endif    
  58   1          
  59   1       
  60   1        while(1)
  61   1        {
  62   2        
  63   2           for(i=1;i<=8;i++)
  64   2          {
  65   3            c51_led.led_on(i);
  66   3            delayms(300);
  67   3            for(j=i+1;j<=8;j++)
  68   3            {
  69   4              c51_led.led_on(j);
  70   4              delayms(300);
  71   4            }
  72   3              for(j=i+1;j<=8;j++)
  73   3            {
  74   4              c51_led.led_off(j);
  75   4            }
  76   3            
  77   3          }
  78   2            c51_led.led_all_off();
  79   2          
  80   2      
  81   2        }
  82   1          
  83   1        
  84   1      }
  85          #if USART
              void usart_rx_func_handle (void)
              {
                  unsigned  char  res;
                  RI=0;
                  c51_led.led_on(1);
                  res =SBUF;
                    if((c51_usart.USART_RX_STA&0x8000)==0)//接收未完成
                  {
                    if(c51_usart.USART_RX_STA&0x4000)//接收到了0x0d
                    {
                      if(res!=0x0a)c51_usart.USART_RX_STA=0;//接收错误,重新开始
                      else c51_usart.USART_RX_STA|=0x8000;  //接收完成了 
                    }else //还没收到0X0D
                    { 
                      if(res==0x0d)c51_usart.USART_RX_STA|=0x4000;
                      else
                      {
                        c51_usart.USART_RX_BUF[c51_usart.USART_RX_STA&0X3FFF]=res;
                        c51_usart.USART_RX_STA++;
                        if(c51_usart.USART_RX_STA>(USART_REC_LEN-1))c51_usart.USART_RX_STA=0;//接收数据错误,重新开始接收    
                      }    
                    }
                  }
                       
              }
              #endif
 112          #if TIME_  
              void time_run_func_handle(void)
              {
                 static int time0_i=0;
                 static int time1_i=0;
C51 COMPILER V9.54   MAIN                                                                  09/23/2022 20:27:41 PAGE 3   

                 
                 
              
              
                if(c51_time.time_type==TIME0)
                {
                  
              
                   
              //     c51_beep.inpt_time=20;
              //     c51_beep.in_time_interrupt(100,0.5);
                   c51_key.key=c51_key.whitch_key_down();
                   c51_nixie_tube.arr[0]=c51_key.key/10;
                   c51_nixie_tube.arr[1]=c51_key.key%10;
                   if(time0_i%2==0)
                   {
                   c51_nixie_tube.show_number(1,c51_nixie_tube.arr[0]);
                   }
                   else
                   {
                   c51_nixie_tube.show_number(2,c51_nixie_tube.arr[1]);
                   }
              
                  
                
                   time0_i++;
              
                   if(time0_i>20)
                   {
                     time0_i=0;
                   }
                  
                }
                else if(c51_time.time_type==TIME1)
                {
                 
              
                   if(time0_i%50==0)
                   {
                      //c51_led.led_on(2);
                  }
                  else
                  {
                     //c51_led.led_off(2);
                  }
                
                  time1_i++;
              
              
                
                }
                
                
                c51_time.time_type=0;
                
              }
              #endif


MODULE INFORMATION:   STATIC OVERLAYABLE
   CODE SIZE        =    235    ----
   CONSTANT SIZE    =     16    ----
C51 COMPILER V9.54   MAIN                                                                  09/23/2022 20:27:41 PAGE 4   

   XDATA SIZE       =   ----    ----
   PDATA SIZE       =     15      20
   DATA SIZE        =   ----    ----
   IDATA SIZE       =   ----    ----
   BIT SIZE         =   ----    ----
END OF MODULE INFORMATION.


C51 COMPILATION COMPLETE.  0 WARNING(S),  0 ERROR(S)
